  Actor.cpp
C:\Users\fury8\OneDrive\Documents\GitHub\AbsoluteFateEngine\AbsoluteFate\Actor.h(48,44): warning C4018: '>': signed/unsigned mismatch
  (compiling source file 'Actor.cpp')
  
C:\Users\fury8\OneDrive\Documents\GitHub\AbsoluteFateEngine\AbsoluteFate\Actor.h(101,37): warning C4018: '>': signed/unsigned mismatch
  (compiling source file 'Actor.cpp')
  
  AnimatedSpriteC.cpp
C:\Users\fury8\OneDrive\Documents\GitHub\AbsoluteFateEngine\AbsoluteFate\Actor.h(48,44): warning C4018: '>': signed/unsigned mismatch
  (compiling source file 'AnimatedSpriteC.cpp')
  
C:\Users\fury8\OneDrive\Documents\GitHub\AbsoluteFateEngine\AbsoluteFate\Actor.h(101,37): warning C4018: '>': signed/unsigned mismatch
  (compiling source file 'AnimatedSpriteC.cpp')
  
  BowlingBallA.cpp
C:\Users\fury8\OneDrive\Documents\GitHub\AbsoluteFateEngine\AbsoluteFate\Actor.h(48,44): warning C4018: '>': signed/unsigned mismatch
  (compiling source file 'BowlingBallA.cpp')
  
C:\Users\fury8\OneDrive\Documents\GitHub\AbsoluteFateEngine\AbsoluteFate\Actor.h(101,37): warning C4018: '>': signed/unsigned mismatch
  (compiling source file 'BowlingBallA.cpp')
  
C:\Users\fury8\OneDrive\Documents\GitHub\AbsoluteFateEngine\AbsoluteFate\BowlingBallA.h(17,30): warning C4305: 'initializing': truncation from 'double' to 'float'
  (compiling source file 'BowlingBallA.cpp')
  
C:\Users\fury8\OneDrive\Documents\GitHub\AbsoluteFateEngine\AbsoluteFate\BowlingBallA.cpp(33,98): warning C4305: 'argument': truncation from 'double' to 'float'
C:\Users\fury8\OneDrive\Documents\GitHub\AbsoluteFateEngine\AbsoluteFate\BowlingBallA.cpp(64,119): warning C4244: 'argument': conversion from 'double' to 'float', possible loss of data
  BowlingBallVisualA.cpp
C:\Users\fury8\OneDrive\Documents\GitHub\AbsoluteFateEngine\AbsoluteFate\Actor.h(48,44): warning C4018: '>': signed/unsigned mismatch
  (compiling source file 'BowlingBallVisualA.cpp')
  
C:\Users\fury8\OneDrive\Documents\GitHub\AbsoluteFateEngine\AbsoluteFate\Actor.h(101,37): warning C4018: '>': signed/unsigned mismatch
  (compiling source file 'BowlingBallVisualA.cpp')
  
  BowlingBorderA.cpp
C:\Users\fury8\OneDrive\Documents\GitHub\AbsoluteFateEngine\AbsoluteFate\Actor.h(48,44): warning C4018: '>': signed/unsigned mismatch
  (compiling source file 'BowlingBorderA.cpp')
  
C:\Users\fury8\OneDrive\Documents\GitHub\AbsoluteFateEngine\AbsoluteFate\Actor.h(101,37): warning C4018: '>': signed/unsigned mismatch
  (compiling source file 'BowlingBorderA.cpp')
  
  BowlingControllerC.cpp
C:\Users\fury8\OneDrive\Documents\GitHub\AbsoluteFateEngine\AbsoluteFate\Actor.h(48,44): warning C4018: '>': signed/unsigned mismatch
  (compiling source file 'BowlingControllerC.cpp')
  
C:\Users\fury8\OneDrive\Documents\GitHub\AbsoluteFateEngine\AbsoluteFate\Actor.h(101,37): warning C4018: '>': signed/unsigned mismatch
  (compiling source file 'BowlingControllerC.cpp')
  
C:\Users\fury8\OneDrive\Documents\GitHub\AbsoluteFateEngine\AbsoluteFate\BowlingBallA.h(17,30): warning C4305: 'initializing': truncation from 'double' to 'float'
  (compiling source file 'BowlingControllerC.cpp')
  
  BowlingHudA.cpp
C:\Users\fury8\OneDrive\Documents\GitHub\AbsoluteFateEngine\AbsoluteFate\Actor.h(48,44): warning C4018: '>': signed/unsigned mismatch
  (compiling source file 'BowlingHudA.cpp')
  
C:\Users\fury8\OneDrive\Documents\GitHub\AbsoluteFateEngine\AbsoluteFate\Actor.h(101,37): warning C4018: '>': signed/unsigned mismatch
  (compiling source file 'BowlingHudA.cpp')
  
C:\Users\fury8\OneDrive\Documents\GitHub\AbsoluteFateEngine\AbsoluteFate\BowlingHudA.cpp(26,27): warning C4305: 'argument': truncation from 'double' to 'float'
C:\Users\fury8\OneDrive\Documents\GitHub\AbsoluteFateEngine\AbsoluteFate\BowlingHudA.cpp(26,22): warning C4305: 'argument': truncation from 'double' to 'float'
  BowlingPathA.cpp
C:\Users\fury8\OneDrive\Documents\GitHub\AbsoluteFateEngine\AbsoluteFate\Actor.h(48,44): warning C4018: '>': signed/unsigned mismatch
  (compiling source file 'BowlingPathA.cpp')
  
C:\Users\fury8\OneDrive\Documents\GitHub\AbsoluteFateEngine\AbsoluteFate\Actor.h(101,37): warning C4018: '>': signed/unsigned mismatch
  (compiling source file 'BowlingPathA.cpp')
  
  BowlingScene.cpp
C:\Users\fury8\OneDrive\Documents\GitHub\AbsoluteFateEngine\AbsoluteFate\Actor.h(48,44): warning C4018: '>': signed/unsigned mismatch
  (compiling source file 'BowlingScene.cpp')
  
C:\Users\fury8\OneDrive\Documents\GitHub\AbsoluteFateEngine\AbsoluteFate\Actor.h(101,37): warning C4018: '>': signed/unsigned mismatch
  (compiling source file 'BowlingScene.cpp')
  
C:\Users\fury8\OneDrive\Documents\GitHub\AbsoluteFateEngine\AbsoluteFate\BowlingBallA.h(17,30): warning C4305: 'initializing': truncation from 'double' to 'float'
  (compiling source file 'BowlingScene.cpp')
  
  BowlingUISkinA.cpp
C:\Users\fury8\OneDrive\Documents\GitHub\AbsoluteFateEngine\AbsoluteFate\Actor.h(48,44): warning C4018: '>': signed/unsigned mismatch
  (compiling source file 'BowlingUISkinA.cpp')
  
C:\Users\fury8\OneDrive\Documents\GitHub\AbsoluteFateEngine\AbsoluteFate\Actor.h(101,37): warning C4018: '>': signed/unsigned mismatch
  (compiling source file 'BowlingUISkinA.cpp')
  
C:\Users\fury8\OneDrive\Documents\GitHub\AbsoluteFateEngine\AbsoluteFate\BowlingUISkinA.cpp(28,36): warning C4305: 'argument': truncation from 'double' to 'float'
C:\Users\fury8\OneDrive\Documents\GitHub\AbsoluteFateEngine\AbsoluteFate\BowlingUISkinA.cpp(28,30): warning C4305: 'argument': truncation from 'double' to 'float'
  BoxCollider2DC.cpp
C:\Users\fury8\OneDrive\Documents\GitHub\AbsoluteFateEngine\AbsoluteFate\Actor.h(48,44): warning C4018: '>': signed/unsigned mismatch
  (compiling source file 'BoxCollider2DC.cpp')
  
C:\Users\fury8\OneDrive\Documents\GitHub\AbsoluteFateEngine\AbsoluteFate\Actor.h(101,37): warning C4018: '>': signed/unsigned mismatch
  (compiling source file 'BoxCollider2DC.cpp')
  
  BoxCollider3DBowlingC.cpp
C:\Users\fury8\OneDrive\Documents\GitHub\AbsoluteFateEngine\AbsoluteFate\Actor.h(48,44): warning C4018: '>': signed/unsigned mismatch
  (compiling source file 'BoxCollider3DBowlingC.cpp')
  
C:\Users\fury8\OneDrive\Documents\GitHub\AbsoluteFateEngine\AbsoluteFate\Actor.h(101,37): warning C4018: '>': signed/unsigned mismatch
  (compiling source file 'BoxCollider3DBowlingC.cpp')
  
  BoxCollider3DC.cpp
C:\Users\fury8\OneDrive\Documents\GitHub\AbsoluteFateEngine\AbsoluteFate\Actor.h(48,44): warning C4018: '>': signed/unsigned mismatch
  (compiling source file 'BoxCollider3DC.cpp')
  
C:\Users\fury8\OneDrive\Documents\GitHub\AbsoluteFateEngine\AbsoluteFate\Actor.h(101,37): warning C4018: '>': signed/unsigned mismatch
  (compiling source file 'BoxCollider3DC.cpp')
  
  CameraA.cpp
C:\Users\fury8\OneDrive\Documents\GitHub\AbsoluteFateEngine\AbsoluteFate\Actor.h(48,44): warning C4018: '>': signed/unsigned mismatch
  (compiling source file 'CameraA.cpp')
  
C:\Users\fury8\OneDrive\Documents\GitHub\AbsoluteFateEngine\AbsoluteFate\Actor.h(101,37): warning C4018: '>': signed/unsigned mismatch
  (compiling source file 'CameraA.cpp')
  
C:\Users\fury8\OneDrive\Documents\GitHub\AbsoluteFateEngine\AbsoluteFate\CameraA.h(9,23): warning C4305: 'initializing': truncation from 'double' to 'float'
  (compiling source file 'CameraA.cpp')
  
  CameraBowlingA.cpp
C:\Users\fury8\OneDrive\Documents\GitHub\AbsoluteFateEngine\AbsoluteFate\Actor.h(48,44): warning C4018: '>': signed/unsigned mismatch
  (compiling source file 'CameraBowlingA.cpp')
  
C:\Users\fury8\OneDrive\Documents\GitHub\AbsoluteFateEngine\AbsoluteFate\Actor.h(101,37): warning C4018: '>': signed/unsigned mismatch
  (compiling source file 'CameraBowlingA.cpp')
  
  Components.cpp
C:\Users\fury8\OneDrive\Documents\GitHub\AbsoluteFateEngine\AbsoluteFate\Actor.h(48,44): warning C4018: '>': signed/unsigned mismatch
  (compiling source file 'Components.cpp')
  
C:\Users\fury8\OneDrive\Documents\GitHub\AbsoluteFateEngine\AbsoluteFate\Actor.h(101,37): warning C4018: '>': signed/unsigned mismatch
  (compiling source file 'Components.cpp')
  
  Corridor.cpp
C:\Users\fury8\OneDrive\Documents\GitHub\AbsoluteFateEngine\AbsoluteFate\Actor.h(48,44): warning C4018: '>': signed/unsigned mismatch
  (compiling source file 'Corridor.cpp')
  
C:\Users\fury8\OneDrive\Documents\GitHub\AbsoluteFateEngine\AbsoluteFate\Actor.h(101,37): warning C4018: '>': signed/unsigned mismatch
  (compiling source file 'Corridor.cpp')
  
C:\Users\fury8\OneDrive\Documents\GitHub\AbsoluteFateEngine\AbsoluteFate\Corridor.cpp(17,28): warning C4305: 'argument': truncation from 'double' to 'float'
  CubeTestA.cpp
C:\Users\fury8\OneDrive\Documents\GitHub\AbsoluteFateEngine\AbsoluteFate\Actor.h(48,44): warning C4018: '>': signed/unsigned mismatch
  (compiling source file 'CubeTestA.cpp')
  
C:\Users\fury8\OneDrive\Documents\GitHub\AbsoluteFateEngine\AbsoluteFate\Actor.h(101,37): warning C4018: '>': signed/unsigned mismatch
  (compiling source file 'CubeTestA.cpp')
  
  DeathAngelA.cpp
C:\Users\fury8\OneDrive\Documents\GitHub\AbsoluteFateEngine\AbsoluteFate\Actor.h(48,44): warning C4018: '>': signed/unsigned mismatch
  (compiling source file 'DeathAngelA.cpp')
  
C:\Users\fury8\OneDrive\Documents\GitHub\AbsoluteFateEngine\AbsoluteFate\Actor.h(101,37): warning C4018: '>': signed/unsigned mismatch
  (compiling source file 'DeathAngelA.cpp')
  
  DoomBoxCollider3DC.cpp
C:\Users\fury8\OneDrive\Documents\GitHub\AbsoluteFateEngine\AbsoluteFate\Actor.h(48,44): warning C4018: '>': signed/unsigned mismatch
  (compiling source file 'DoomBoxCollider3DC.cpp')
  
C:\Users\fury8\OneDrive\Documents\GitHub\AbsoluteFateEngine\AbsoluteFate\Actor.h(101,37): warning C4018: '>': signed/unsigned mismatch
  (compiling source file 'DoomBoxCollider3DC.cpp')
  
  Generating Code...
C:\Users\fury8\OneDrive\Documents\GitHub\AbsoluteFateEngine\AbsoluteFate\DoomBoxCollider3DC.cpp(74,1): warning C4715: 'DoomBoxCollider3DC::GetDistance': not all control paths return a value
C:\Users\fury8\OneDrive\Documents\GitHub\AbsoluteFateEngine\AbsoluteFate\DoomBoxCollider3DC.cpp(97,1): warning C4715: 'DoomBoxCollider3DC::GetCollideActor': not all control paths return a value
C:\Users\fury8\OneDrive\Documents\GitHub\AbsoluteFateEngine\AbsoluteFate\BoxCollider3DC.cpp(76,1): warning C4715: 'BoxCollider3DC::GetCollideActor': not all control paths return a value
C:\Users\fury8\OneDrive\Documents\GitHub\AbsoluteFateEngine\AbsoluteFate\BoxCollider3DC.cpp(53,1): warning C4715: 'BoxCollider3DC::GetDistance': not all control paths return a value
C:\Users\fury8\OneDrive\Documents\GitHub\AbsoluteFateEngine\AbsoluteFate\BoxCollider3DBowlingC.cpp(131,1): warning C4715: 'BoxCollider3DBowlingC::GetCollideActor': not all control paths return a value
C:\Users\fury8\OneDrive\Documents\GitHub\AbsoluteFateEngine\AbsoluteFate\BoxCollider3DBowlingC.cpp(91,1): warning C4715: 'BoxCollider3DBowlingC::GetDistance': not all control paths return a value
  Compiling...
  DoomController.cpp
C:\Users\fury8\OneDrive\Documents\GitHub\AbsoluteFateEngine\AbsoluteFate\Actor.h(48,44): warning C4018: '>': signed/unsigned mismatch
  (compiling source file 'DoomController.cpp')
  
C:\Users\fury8\OneDrive\Documents\GitHub\AbsoluteFateEngine\AbsoluteFate\Actor.h(101,37): warning C4018: '>': signed/unsigned mismatch
  (compiling source file 'DoomController.cpp')
  
C:\Users\fury8\OneDrive\Documents\GitHub\AbsoluteFateEngine\AbsoluteFate\DoomPlayerA.h(20,23): warning C4305: 'initializing': truncation from 'double' to 'float'
  (compiling source file 'DoomController.cpp')
  
  DoomDoor.cpp
C:\Users\fury8\OneDrive\Documents\GitHub\AbsoluteFateEngine\AbsoluteFate\Actor.h(48,44): warning C4018: '>': signed/unsigned mismatch
  (compiling source file 'DoomDoor.cpp')
  
C:\Users\fury8\OneDrive\Documents\GitHub\AbsoluteFateEngine\AbsoluteFate\Actor.h(101,37): warning C4018: '>': signed/unsigned mismatch
  (compiling source file 'DoomDoor.cpp')
  
C:\Users\fury8\OneDrive\Documents\GitHub\AbsoluteFateEngine\AbsoluteFate\DoomDoor.h(13,21): warning C4305: 'initializing': truncation from 'double' to 'float'
  (compiling source file 'DoomDoor.cpp')
  
C:\Users\fury8\OneDrive\Documents\GitHub\AbsoluteFateEngine\AbsoluteFate\DoomDoor.cpp(13,20): warning C4305: 'argument': truncation from 'double' to 'float'
C:\Users\fury8\OneDrive\Documents\GitHub\AbsoluteFateEngine\AbsoluteFate\DoomDoor.cpp(23,38): warning C4305: 'argument': truncation from 'double' to 'float'
  DoomEnemyA.cpp
C:\Users\fury8\OneDrive\Documents\GitHub\AbsoluteFateEngine\AbsoluteFate\Actor.h(48,44): warning C4018: '>': signed/unsigned mismatch
  (compiling source file 'DoomEnemyA.cpp')
  
C:\Users\fury8\OneDrive\Documents\GitHub\AbsoluteFateEngine\AbsoluteFate\Actor.h(101,37): warning C4018: '>': signed/unsigned mismatch
  (compiling source file 'DoomEnemyA.cpp')
  
C:\Users\fury8\OneDrive\Documents\GitHub\AbsoluteFateEngine\AbsoluteFate\DoomEnemyA.cpp(16,20): warning C4305: 'argument': truncation from 'double' to 'float'
C:\Users\fury8\OneDrive\Documents\GitHub\AbsoluteFateEngine\AbsoluteFate\DoomEnemyA.cpp(58,27): warning C4244: 'initializing': conversion from 'double' to 'float', possible loss of data
  DoomEnnemyProjectil.cpp
C:\Users\fury8\OneDrive\Documents\GitHub\AbsoluteFateEngine\AbsoluteFate\Actor.h(48,44): warning C4018: '>': signed/unsigned mismatch
  (compiling source file 'DoomEnnemyProjectil.cpp')
  
C:\Users\fury8\OneDrive\Documents\GitHub\AbsoluteFateEngine\AbsoluteFate\Actor.h(101,37): warning C4018: '>': signed/unsigned mismatch
  (compiling source file 'DoomEnnemyProjectil.cpp')
  
C:\Users\fury8\OneDrive\Documents\GitHub\AbsoluteFateEngine\AbsoluteFate\DoomPlayerA.h(20,23): warning C4305: 'initializing': truncation from 'double' to 'float'
  (compiling source file 'DoomEnnemyProjectil.cpp')
  
C:\Users\fury8\OneDrive\Documents\GitHub\AbsoluteFateEngine\AbsoluteFate\DoomEnnemyProjectil.cpp(25,81): warning C4305: 'argument': truncation from 'double' to 'float'
  DoomFloor.cpp
C:\Users\fury8\OneDrive\Documents\GitHub\AbsoluteFateEngine\AbsoluteFate\Actor.h(48,44): warning C4018: '>': signed/unsigned mismatch
  (compiling source file 'DoomFloor.cpp')
  
C:\Users\fury8\OneDrive\Documents\GitHub\AbsoluteFateEngine\AbsoluteFate\Actor.h(101,37): warning C4018: '>': signed/unsigned mismatch
  (compiling source file 'DoomFloor.cpp')
  
C:\Users\fury8\OneDrive\Documents\GitHub\AbsoluteFateEngine\AbsoluteFate\DoomFloor.cpp(12,28): warning C4305: 'argument': truncation from 'double' to 'float'
  DoomGunA.cpp
C:\Users\fury8\OneDrive\Documents\GitHub\AbsoluteFateEngine\AbsoluteFate\Actor.h(48,44): warning C4018: '>': signed/unsigned mismatch
  (compiling source file 'DoomGunA.cpp')
  
C:\Users\fury8\OneDrive\Documents\GitHub\AbsoluteFateEngine\AbsoluteFate\Actor.h(101,37): warning C4018: '>': signed/unsigned mismatch
  (compiling source file 'DoomGunA.cpp')
  
  DoomHudA.cpp
C:\Users\fury8\OneDrive\Documents\GitHub\AbsoluteFateEngine\AbsoluteFate\Actor.h(48,44): warning C4018: '>': signed/unsigned mismatch
  (compiling source file 'DoomHudA.cpp')
  
C:\Users\fury8\OneDrive\Documents\GitHub\AbsoluteFateEngine\AbsoluteFate\Actor.h(101,37): warning C4018: '>': signed/unsigned mismatch
  (compiling source file 'DoomHudA.cpp')
  
C:\Users\fury8\OneDrive\Documents\GitHub\AbsoluteFateEngine\AbsoluteFate\DoomHudA.cpp(19,36): warning C4305: 'argument': truncation from 'double' to 'float'
C:\Users\fury8\OneDrive\Documents\GitHub\AbsoluteFateEngine\AbsoluteFate\DoomHudA.cpp(19,30): warning C4305: 'argument': truncation from 'double' to 'float'
  DoomLevel.cpp
C:\Users\fury8\OneDrive\Documents\GitHub\AbsoluteFateEngine\AbsoluteFate\Actor.h(48,44): warning C4018: '>': signed/unsigned mismatch
  (compiling source file 'DoomLevel.cpp')
  
C:\Users\fury8\OneDrive\Documents\GitHub\AbsoluteFateEngine\AbsoluteFate\Actor.h(101,37): warning C4018: '>': signed/unsigned mismatch
  (compiling source file 'DoomLevel.cpp')
  
  DoomLever.cpp
C:\Users\fury8\OneDrive\Documents\GitHub\AbsoluteFateEngine\AbsoluteFate\Actor.h(48,44): warning C4018: '>': signed/unsigned mismatch
  (compiling source file 'DoomLever.cpp')
  
C:\Users\fury8\OneDrive\Documents\GitHub\AbsoluteFateEngine\AbsoluteFate\Actor.h(101,37): warning C4018: '>': signed/unsigned mismatch
  (compiling source file 'DoomLever.cpp')
  
C:\Users\fury8\OneDrive\Documents\GitHub\AbsoluteFateEngine\AbsoluteFate\DoomDoor.h(13,21): warning C4305: 'initializing': truncation from 'double' to 'float'
  (compiling source file 'DoomLever.cpp')
  
C:\Users\fury8\OneDrive\Documents\GitHub\AbsoluteFateEngine\AbsoluteFate\DoomLever.cpp(14,30): warning C4305: 'argument': truncation from 'double' to 'float'
C:\Users\fury8\OneDrive\Documents\GitHub\AbsoluteFateEngine\AbsoluteFate\DoomLever.cpp(14,25): warning C4305: 'argument': truncation from 'double' to 'float'
C:\Users\fury8\OneDrive\Documents\GitHub\AbsoluteFateEngine\AbsoluteFate\DoomLever.cpp(14,20): warning C4305: 'argument': truncation from 'double' to 'float'
  DoomMovingC.cpp
C:\Users\fury8\OneDrive\Documents\GitHub\AbsoluteFateEngine\AbsoluteFate\Actor.h(48,44): warning C4018: '>': signed/unsigned mismatch
  (compiling source file 'DoomMovingC.cpp')
  
C:\Users\fury8\OneDrive\Documents\GitHub\AbsoluteFateEngine\AbsoluteFate\Actor.h(101,37): warning C4018: '>': signed/unsigned mismatch
  (compiling source file 'DoomMovingC.cpp')
  
  DoomPlayerA.cpp
C:\Users\fury8\OneDrive\Documents\GitHub\AbsoluteFateEngine\AbsoluteFate\Actor.h(48,44): warning C4018: '>': signed/unsigned mismatch
  (compiling source file 'DoomPlayerA.cpp')
  
C:\Users\fury8\OneDrive\Documents\GitHub\AbsoluteFateEngine\AbsoluteFate\Actor.h(101,37): warning C4018: '>': signed/unsigned mismatch
  (compiling source file 'DoomPlayerA.cpp')
  
C:\Users\fury8\OneDrive\Documents\GitHub\AbsoluteFateEngine\AbsoluteFate\DoomPlayerA.h(20,23): warning C4305: 'initializing': truncation from 'double' to 'float'
  (compiling source file 'DoomPlayerA.cpp')
  
C:\Users\fury8\OneDrive\Documents\GitHub\AbsoluteFateEngine\AbsoluteFate\DoomDoor.h(13,21): warning C4305: 'initializing': truncation from 'double' to 'float'
  (compiling source file 'DoomPlayerA.cpp')
  
C:\Users\fury8\OneDrive\Documents\GitHub\AbsoluteFateEngine\AbsoluteFate\DoomPlayerA.cpp(135,111): warning C4244: 'argument': conversion from 'int' to 'float', possible loss of data
C:\Users\fury8\OneDrive\Documents\GitHub\AbsoluteFateEngine\AbsoluteFate\DoomPlayerA.cpp(138,50): warning C4244: 'argument': conversion from 'int' to 'float', possible loss of data
  DoomRoof.cpp
C:\Users\fury8\OneDrive\Documents\GitHub\AbsoluteFateEngine\AbsoluteFate\Actor.h(48,44): warning C4018: '>': signed/unsigned mismatch
  (compiling source file 'DoomRoof.cpp')
  
C:\Users\fury8\OneDrive\Documents\GitHub\AbsoluteFateEngine\AbsoluteFate\Actor.h(101,37): warning C4018: '>': signed/unsigned mismatch
  (compiling source file 'DoomRoof.cpp')
  
C:\Users\fury8\OneDrive\Documents\GitHub\AbsoluteFateEngine\AbsoluteFate\DoomRoof.cpp(12,28): warning C4305: 'argument': truncation from 'double' to 'float'
  DoomScene.cpp
C:\Users\fury8\OneDrive\Documents\GitHub\AbsoluteFateEngine\AbsoluteFate\Actor.h(48,44): warning C4018: '>': signed/unsigned mismatch
  (compiling source file 'DoomScene.cpp')
  
C:\Users\fury8\OneDrive\Documents\GitHub\AbsoluteFateEngine\AbsoluteFate\Actor.h(101,37): warning C4018: '>': signed/unsigned mismatch
  (compiling source file 'DoomScene.cpp')
  
C:\Users\fury8\OneDrive\Documents\GitHub\AbsoluteFateEngine\AbsoluteFate\DoomPlayerA.h(20,23): warning C4305: 'initializing': truncation from 'double' to 'float'
  (compiling source file 'DoomScene.cpp')
  
C:\Users\fury8\OneDrive\Documents\GitHub\AbsoluteFateEngine\AbsoluteFate\DoomDoor.h(13,21): warning C4305: 'initializing': truncation from 'double' to 'float'
  (compiling source file 'DoomScene.cpp')
  
  DoomWall.cpp
C:\Users\fury8\OneDrive\Documents\GitHub\AbsoluteFateEngine\AbsoluteFate\Actor.h(48,44): warning C4018: '>': signed/unsigned mismatch
  (compiling source file 'DoomWall.cpp')
  
C:\Users\fury8\OneDrive\Documents\GitHub\AbsoluteFateEngine\AbsoluteFate\Actor.h(101,37): warning C4018: '>': signed/unsigned mismatch
  (compiling source file 'DoomWall.cpp')
  
  FPSController.cpp
C:\Users\fury8\OneDrive\Documents\GitHub\AbsoluteFateEngine\AbsoluteFate\Actor.h(48,44): warning C4018: '>': signed/unsigned mismatch
  (compiling source file 'FPSController.cpp')
  
C:\Users\fury8\OneDrive\Documents\GitHub\AbsoluteFateEngine\AbsoluteFate\Actor.h(101,37): warning C4018: '>': signed/unsigned mismatch
  (compiling source file 'FPSController.cpp')
  
  Game.cpp
C:\Users\fury8\OneDrive\Documents\GitHub\AbsoluteFateEngine\AbsoluteFate\Actor.h(48,44): warning C4018: '>': signed/unsigned mismatch
  (compiling source file 'Game.cpp')
  
C:\Users\fury8\OneDrive\Documents\GitHub\AbsoluteFateEngine\AbsoluteFate\Actor.h(101,37): warning C4018: '>': signed/unsigned mismatch
  (compiling source file 'Game.cpp')
  
  GlTestScene.cpp
C:\Users\fury8\OneDrive\Documents\GitHub\AbsoluteFateEngine\AbsoluteFate\Actor.h(48,44): warning C4018: '>': signed/unsigned mismatch
  (compiling source file 'GlTestScene.cpp')
  
C:\Users\fury8\OneDrive\Documents\GitHub\AbsoluteFateEngine\AbsoluteFate\Actor.h(101,37): warning C4018: '>': signed/unsigned mismatch
  (compiling source file 'GlTestScene.cpp')
  
C:\Users\fury8\OneDrive\Documents\GitHub\AbsoluteFateEngine\AbsoluteFate\BowlingBallA.h(17,30): warning C4305: 'initializing': truncation from 'double' to 'float'
  (compiling source file 'GlTestScene.cpp')
  
C:\Users\fury8\OneDrive\Documents\GitHub\AbsoluteFateEngine\AbsoluteFate\CameraA.h(9,23): warning C4305: 'initializing': truncation from 'double' to 'float'
  (compiling source file 'GlTestScene.cpp')
  
  Main.cpp
C:\Users\fury8\OneDrive\Documents\GitHub\AbsoluteFateEngine\AbsoluteFate\Actor.h(48,44): warning C4018: '>': signed/unsigned mismatch
  (compiling source file 'Main.cpp')
  
C:\Users\fury8\OneDrive\Documents\GitHub\AbsoluteFateEngine\AbsoluteFate\Actor.h(101,37): warning C4018: '>': signed/unsigned mismatch
  (compiling source file 'Main.cpp')
  
C:\Users\fury8\OneDrive\Documents\GitHub\AbsoluteFateEngine\AbsoluteFate\BowlingBallA.h(17,30): warning C4305: 'initializing': truncation from 'double' to 'float'
  (compiling source file 'Main.cpp')
  
C:\Users\fury8\OneDrive\Documents\GitHub\AbsoluteFateEngine\AbsoluteFate\CameraA.h(9,23): warning C4305: 'initializing': truncation from 'double' to 'float'
  (compiling source file 'Main.cpp')
  
C:\Users\fury8\OneDrive\Documents\GitHub\AbsoluteFateEngine\AbsoluteFate\DoomPlayerA.h(20,23): warning C4305: 'initializing': truncation from 'double' to 'float'
  (compiling source file 'Main.cpp')
  
C:\Users\fury8\OneDrive\Documents\GitHub\AbsoluteFateEngine\AbsoluteFate\DoomDoor.h(13,21): warning C4305: 'initializing': truncation from 'double' to 'float'
  (compiling source file 'Main.cpp')
  
C:\Users\fury8\OneDrive\Documents\GitHub\AbsoluteFateEngine\AbsoluteFate\TheDescentPlayerA.h(14,23): warning C4305: 'initializing': truncation from 'double' to 'float'
  (compiling source file 'Main.cpp')
  
  MeshC.cpp
C:\Users\fury8\OneDrive\Documents\GitHub\AbsoluteFateEngine\AbsoluteFate\Actor.h(48,44): warning C4018: '>': signed/unsigned mismatch
  (compiling source file 'MeshC.cpp')
  
C:\Users\fury8\OneDrive\Documents\GitHub\AbsoluteFateEngine\AbsoluteFate\Actor.h(101,37): warning C4018: '>': signed/unsigned mismatch
  (compiling source file 'MeshC.cpp')
  
  MovingC.cpp
C:\Users\fury8\OneDrive\Documents\GitHub\AbsoluteFateEngine\AbsoluteFate\Actor.h(48,44): warning C4018: '>': signed/unsigned mismatch
  (compiling source file 'MovingC.cpp')
  
C:\Users\fury8\OneDrive\Documents\GitHub\AbsoluteFateEngine\AbsoluteFate\Actor.h(101,37): warning C4018: '>': signed/unsigned mismatch
  (compiling source file 'MovingC.cpp')
  
  Generating Code...
  Compiling...
  OpenGlPictureA.cpp
C:\Users\fury8\OneDrive\Documents\GitHub\AbsoluteFateEngine\AbsoluteFate\Actor.h(48,44): warning C4018: '>': signed/unsigned mismatch
  (compiling source file 'OpenGlPictureA.cpp')
  
C:\Users\fury8\OneDrive\Documents\GitHub\AbsoluteFateEngine\AbsoluteFate\Actor.h(101,37): warning C4018: '>': signed/unsigned mismatch
  (compiling source file 'OpenGlPictureA.cpp')
  
  PinA.cpp
C:\Users\fury8\OneDrive\Documents\GitHub\AbsoluteFateEngine\AbsoluteFate\Actor.h(48,44): warning C4018: '>': signed/unsigned mismatch
  (compiling source file 'PinA.cpp')
  
C:\Users\fury8\OneDrive\Documents\GitHub\AbsoluteFateEngine\AbsoluteFate\Actor.h(101,37): warning C4018: '>': signed/unsigned mismatch
  (compiling source file 'PinA.cpp')
  
C:\Users\fury8\OneDrive\Documents\GitHub\AbsoluteFateEngine\AbsoluteFate\PinA.cpp(35,49): warning C4305: 'argument': truncation from 'double' to 'float'
C:\Users\fury8\OneDrive\Documents\GitHub\AbsoluteFateEngine\AbsoluteFate\PinA.cpp(86,63): warning C4305: 'argument': truncation from 'double' to 'float'
  PlaneTextureOpenGlA.cpp
C:\Users\fury8\OneDrive\Documents\GitHub\AbsoluteFateEngine\AbsoluteFate\Actor.h(48,44): warning C4018: '>': signed/unsigned mismatch
  (compiling source file 'PlaneTextureOpenGlA.cpp')
  
C:\Users\fury8\OneDrive\Documents\GitHub\AbsoluteFateEngine\AbsoluteFate\Actor.h(101,37): warning C4018: '>': signed/unsigned mismatch
  (compiling source file 'PlaneTextureOpenGlA.cpp')
  
  Platformer.cpp
C:\Users\fury8\OneDrive\Documents\GitHub\AbsoluteFateEngine\AbsoluteFate\Actor.h(48,44): warning C4018: '>': signed/unsigned mismatch
  (compiling source file 'Platformer.cpp')
  
C:\Users\fury8\OneDrive\Documents\GitHub\AbsoluteFateEngine\AbsoluteFate\Actor.h(101,37): warning C4018: '>': signed/unsigned mismatch
  (compiling source file 'Platformer.cpp')
  
  PlayerController.cpp
C:\Users\fury8\OneDrive\Documents\GitHub\AbsoluteFateEngine\AbsoluteFate\Actor.h(48,44): warning C4018: '>': signed/unsigned mismatch
  (compiling source file 'PlayerController.cpp')
  
C:\Users\fury8\OneDrive\Documents\GitHub\AbsoluteFateEngine\AbsoluteFate\Actor.h(101,37): warning C4018: '>': signed/unsigned mismatch
  (compiling source file 'PlayerController.cpp')
  
  Pong.cpp
C:\Users\fury8\OneDrive\Documents\GitHub\AbsoluteFateEngine\AbsoluteFate\Actor.h(48,44): warning C4018: '>': signed/unsigned mismatch
  (compiling source file 'Pong.cpp')
  
C:\Users\fury8\OneDrive\Documents\GitHub\AbsoluteFateEngine\AbsoluteFate\Actor.h(101,37): warning C4018: '>': signed/unsigned mismatch
  (compiling source file 'Pong.cpp')
  
  PongBall.cpp
C:\Users\fury8\OneDrive\Documents\GitHub\AbsoluteFateEngine\AbsoluteFate\Actor.h(48,44): warning C4018: '>': signed/unsigned mismatch
  (compiling source file 'PongBall.cpp')
  
C:\Users\fury8\OneDrive\Documents\GitHub\AbsoluteFateEngine\AbsoluteFate\Actor.h(101,37): warning C4018: '>': signed/unsigned mismatch
  (compiling source file 'PongBall.cpp')
  
  RendererGl.cpp
C:\Users\fury8\OneDrive\Documents\GitHub\AbsoluteFateEngine\AbsoluteFate\Actor.h(48,44): warning C4018: '>': signed/unsigned mismatch
  (compiling source file 'RendererGl.cpp')
  
C:\Users\fury8\OneDrive\Documents\GitHub\AbsoluteFateEngine\AbsoluteFate\Actor.h(101,37): warning C4018: '>': signed/unsigned mismatch
  (compiling source file 'RendererGl.cpp')
  
C:\Users\fury8\OneDrive\Documents\GitHub\AbsoluteFateEngine\AbsoluteFate\RendererGl.cpp(137,28): warning C4244: 'argument': conversion from 'int' to 'float', possible loss of data
C:\Users\fury8\OneDrive\Documents\GitHub\AbsoluteFateEngine\AbsoluteFate\RendererGl.cpp(136,63): warning C4244: 'argument': conversion from 'int' to 'float', possible loss of data
C:\Users\fury8\OneDrive\Documents\GitHub\AbsoluteFateEngine\AbsoluteFate\RendererGl.cpp(141,49): warning C4244: 'argument': conversion from 'int' to 'float', possible loss of data
C:\Users\fury8\OneDrive\Documents\GitHub\AbsoluteFateEngine\AbsoluteFate\RendererGl.cpp(142,47): warning C4244: 'argument': conversion from 'double' to 'float', possible loss of data
  RendererSDL.cpp
C:\Users\fury8\OneDrive\Documents\GitHub\AbsoluteFateEngine\AbsoluteFate\Actor.h(48,44): warning C4018: '>': signed/unsigned mismatch
  (compiling source file 'RendererSDL.cpp')
  
C:\Users\fury8\OneDrive\Documents\GitHub\AbsoluteFateEngine\AbsoluteFate\Actor.h(101,37): warning C4018: '>': signed/unsigned mismatch
  (compiling source file 'RendererSDL.cpp')
  
  Scene.cpp
C:\Users\fury8\OneDrive\Documents\GitHub\AbsoluteFateEngine\AbsoluteFate\Actor.h(48,44): warning C4018: '>': signed/unsigned mismatch
  (compiling source file 'Scene.cpp')
  
C:\Users\fury8\OneDrive\Documents\GitHub\AbsoluteFateEngine\AbsoluteFate\Actor.h(101,37): warning C4018: '>': signed/unsigned mismatch
  (compiling source file 'Scene.cpp')
  
  SetOfPinA.cpp
C:\Users\fury8\OneDrive\Documents\GitHub\AbsoluteFateEngine\AbsoluteFate\Actor.h(48,44): warning C4018: '>': signed/unsigned mismatch
  (compiling source file 'SetOfPinA.cpp')
  
C:\Users\fury8\OneDrive\Documents\GitHub\AbsoluteFateEngine\AbsoluteFate\Actor.h(101,37): warning C4018: '>': signed/unsigned mismatch
  (compiling source file 'SetOfPinA.cpp')
  
C:\Users\fury8\OneDrive\Documents\GitHub\AbsoluteFateEngine\AbsoluteFate\SetOfPinA.cpp(45,24): warning C4305: '-=': truncation from 'double' to 'float'
  Shader.cpp
C:\Users\fury8\OneDrive\Documents\GitHub\AbsoluteFateEngine\AbsoluteFate\Actor.h(48,44): warning C4018: '>': signed/unsigned mismatch
  (compiling source file 'Shader.cpp')
  
C:\Users\fury8\OneDrive\Documents\GitHub\AbsoluteFateEngine\AbsoluteFate\Actor.h(101,37): warning C4018: '>': signed/unsigned mismatch
  (compiling source file 'Shader.cpp')
  
  SphereTestA.cpp
C:\Users\fury8\OneDrive\Documents\GitHub\AbsoluteFateEngine\AbsoluteFate\Actor.h(48,44): warning C4018: '>': signed/unsigned mismatch
  (compiling source file 'SphereTestA.cpp')
  
C:\Users\fury8\OneDrive\Documents\GitHub\AbsoluteFateEngine\AbsoluteFate\Actor.h(101,37): warning C4018: '>': signed/unsigned mismatch
  (compiling source file 'SphereTestA.cpp')
  
  SpriteC.cpp
C:\Users\fury8\OneDrive\Documents\GitHub\AbsoluteFateEngine\AbsoluteFate\Actor.h(48,44): warning C4018: '>': signed/unsigned mismatch
  (compiling source file 'SpriteC.cpp')
  
C:\Users\fury8\OneDrive\Documents\GitHub\AbsoluteFateEngine\AbsoluteFate\Actor.h(101,37): warning C4018: '>': signed/unsigned mismatch
  (compiling source file 'SpriteC.cpp')
  
C:\Users\fury8\OneDrive\Documents\GitHub\AbsoluteFateEngine\AbsoluteFate\SpriteC.cpp(41,54): warning C4244: 'argument': conversion from 'int' to 'float', possible loss of data
  Texture.cpp
C:\Users\fury8\OneDrive\Documents\GitHub\AbsoluteFateEngine\AbsoluteFate\Actor.h(48,44): warning C4018: '>': signed/unsigned mismatch
  (compiling source file 'Texture.cpp')
  
C:\Users\fury8\OneDrive\Documents\GitHub\AbsoluteFateEngine\AbsoluteFate\Actor.h(101,37): warning C4018: '>': signed/unsigned mismatch
  (compiling source file 'Texture.cpp')
  
  TheDescentController.cpp
C:\Users\fury8\OneDrive\Documents\GitHub\AbsoluteFateEngine\AbsoluteFate\Actor.h(48,44): warning C4018: '>': signed/unsigned mismatch
  (compiling source file 'TheDescentController.cpp')
  
C:\Users\fury8\OneDrive\Documents\GitHub\AbsoluteFateEngine\AbsoluteFate\Actor.h(101,37): warning C4018: '>': signed/unsigned mismatch
  (compiling source file 'TheDescentController.cpp')
  
C:\Users\fury8\OneDrive\Documents\GitHub\AbsoluteFateEngine\AbsoluteFate\DoomPlayerA.h(20,23): warning C4305: 'initializing': truncation from 'double' to 'float'
  (compiling source file 'TheDescentController.cpp')
  
C:\Users\fury8\OneDrive\Documents\GitHub\AbsoluteFateEngine\AbsoluteFate\TheDescentPlayerA.h(14,23): warning C4305: 'initializing': truncation from 'double' to 'float'
  (compiling source file 'TheDescentController.cpp')
  
  TheDescentMovingC.cpp
C:\Users\fury8\OneDrive\Documents\GitHub\AbsoluteFateEngine\AbsoluteFate\Actor.h(48,44): warning C4018: '>': signed/unsigned mismatch
  (compiling source file 'TheDescentMovingC.cpp')
  
C:\Users\fury8\OneDrive\Documents\GitHub\AbsoluteFateEngine\AbsoluteFate\Actor.h(101,37): warning C4018: '>': signed/unsigned mismatch
  (compiling source file 'TheDescentMovingC.cpp')
  
  TheDescentPlayerA.cpp
C:\Users\fury8\OneDrive\Documents\GitHub\AbsoluteFateEngine\AbsoluteFate\Actor.h(48,44): warning C4018: '>': signed/unsigned mismatch
  (compiling source file 'TheDescentPlayerA.cpp')
  
C:\Users\fury8\OneDrive\Documents\GitHub\AbsoluteFateEngine\AbsoluteFate\Actor.h(101,37): warning C4018: '>': signed/unsigned mismatch
  (compiling source file 'TheDescentPlayerA.cpp')
  
C:\Users\fury8\OneDrive\Documents\GitHub\AbsoluteFateEngine\AbsoluteFate\DoomPlayerA.h(20,23): warning C4305: 'initializing': truncation from 'double' to 'float'
  (compiling source file 'TheDescentPlayerA.cpp')
  
C:\Users\fury8\OneDrive\Documents\GitHub\AbsoluteFateEngine\AbsoluteFate\TheDescentPlayerA.h(14,23): warning C4305: 'initializing': truncation from 'double' to 'float'
  (compiling source file 'TheDescentPlayerA.cpp')
  
C:\Users\fury8\OneDrive\Documents\GitHub\AbsoluteFateEngine\AbsoluteFate\DoomDoor.h(13,21): warning C4305: 'initializing': truncation from 'double' to 'float'
  (compiling source file 'TheDescentPlayerA.cpp')
  
C:\Users\fury8\OneDrive\Documents\GitHub\AbsoluteFateEngine\AbsoluteFate\TheDescentPlayerA.cpp(149,111): warning C4244: 'argument': conversion from 'int' to 'float', possible loss of data
C:\Users\fury8\OneDrive\Documents\GitHub\AbsoluteFateEngine\AbsoluteFate\TheDescentPlayerA.cpp(152,50): warning C4244: 'argument': conversion from 'int' to 'float', possible loss of data
  TheDescentScene.cpp
C:\Users\fury8\OneDrive\Documents\GitHub\AbsoluteFateEngine\AbsoluteFate\Actor.h(48,44): warning C4018: '>': signed/unsigned mismatch
  (compiling source file 'TheDescentScene.cpp')
  
C:\Users\fury8\OneDrive\Documents\GitHub\AbsoluteFateEngine\AbsoluteFate\Actor.h(101,37): warning C4018: '>': signed/unsigned mismatch
  (compiling source file 'TheDescentScene.cpp')
  
C:\Users\fury8\OneDrive\Documents\GitHub\AbsoluteFateEngine\AbsoluteFate\DoomPlayerA.h(20,23): warning C4305: 'initializing': truncation from 'double' to 'float'
  (compiling source file 'TheDescentScene.cpp')
  
C:\Users\fury8\OneDrive\Documents\GitHub\AbsoluteFateEngine\AbsoluteFate\TheDescentPlayerA.h(14,23): warning C4305: 'initializing': truncation from 'double' to 'float'
  (compiling source file 'TheDescentScene.cpp')
  
C:\Users\fury8\OneDrive\Documents\GitHub\AbsoluteFateEngine\AbsoluteFate\DoomDoor.h(13,21): warning C4305: 'initializing': truncation from 'double' to 'float'
  (compiling source file 'TheDescentScene.cpp')
  
  TheWallA.cpp
C:\Users\fury8\OneDrive\Documents\GitHub\AbsoluteFateEngine\AbsoluteFate\Actor.h(48,44): warning C4018: '>': signed/unsigned mismatch
  (compiling source file 'TheWallA.cpp')
  
C:\Users\fury8\OneDrive\Documents\GitHub\AbsoluteFateEngine\AbsoluteFate\Actor.h(101,37): warning C4018: '>': signed/unsigned mismatch
  (compiling source file 'TheWallA.cpp')
  
  Generating Code...
C:\Users\fury8\OneDrive\Documents\GitHub\AbsoluteFateEngine\AbsoluteFate\PinA.cpp(76,1): warning C4715: 'PinA::GetBoxCollider': not all control paths return a value
  Compiling...
  Transform.cpp
  Generating Code...
  AbsoluteFate.vcxproj -> C:\Users\fury8\OneDrive\Documents\GitHub\AbsoluteFateEngine\Debug\AbsoluteFate.exe
